// Jest Snapshot v1, https://goo.gl/fbAQLP

exports[`renders correctly 1`] = `
<View
  style={
    Object {
      "alignItems": "center",
      "flex": 1,
      "justifyContent": "space-around",
      "padding": 50,
    }
  }
>
  <Image
    source={1}
    style={
      Object {
        "height": 100,
        "width": 100,
      }
    }
  />
  <ActivityIndicator
    animating={true}
    color="#2dad9c"
    hidesWhenStopped={true}
    size="large"
  />
</View>
`;
